// Vitest Snapshot v1, https://vitest.dev/guide/snapshot.html

exports[`Login > snapshot 1`] = `
<div>
  <main
    class="flex min-h-screen flex-col items-center relative p-12 sm:p-24 justify-center sm:justify-start"
  >
    <div
      class="w-full pb-12"
    >
      <span
        class="flex items-center text-2xl cursor-pointer w-fit"
      >
        <svg
          fill="currentColor"
          height="1em"
          stroke="currentColor"
          stroke-width="0"
          viewBox="0 0 512 512"
          width="1em"
          xmlns="http://www.w3.org/2000/svg"
        >
          <path
            d="M427 234.625H167.296l119.702-119.702L256 85 85 256l171 171 29.922-29.924-118.626-119.701H427v-42.75z"
          />
        </svg>
        Back
      </span>
    </div>
    <div
      class="bg-white bg-opacity-30 rounded-lg h-fit w-full p-4"
    >
      <h1
        class="text-5xl"
      >
        Login
      </h1>
      <form
        class="flex flex-col w-full gap-y-4 mt-4"
      >
        <label
          for="username"
        >
          Username
        </label>
        <input
          autocomplete="off"
          class="text-black pl-2"
          id="username"
          name="username"
          required=""
          type="text"
        />
        <label
          for="password"
        >
          Password
        </label>
        <input
          autocomplete="off"
          class="text-black pl-2"
          id="password"
          name="password"
          required=""
          type="password"
        />
        <button
          class="bg-blue-500 text-white px-4 py-2 rounded-md mt-4 w-full"
          type="submit"
        >
          Login
        </button>
      </form>
    </div>
  </main>
</div>
`;
