// Vitest Snapshot v1, https://vitest.dev/guide/snapshot.html

exports[`TransferOtherAcc > snapshot 1`] = `
<div>
  <div
    data-testid="transfer-other-acc"
  >
    <div>
      <label
        for="other"
      >
        To:  
      </label>
      <select
        class="text-black pl-2 outline-none rounded-md w-full"
        data-testid="to-select"
        id="other"
        name="other"
      />
    </div>
    <label
      for="other"
    >
      Password:  
    </label>
    <input
      autocomplete="off"
      class="text-black pl-2 outline-none rounded-md w-full"
      data-testid="password-input"
      id="password"
      name="password"
      required=""
      type="password"
      value=""
    />
    <div>
      <label
        for="currency-other"
      >
        Amount:  
      </label>
      <div
        class="relative w-full"
      >
        <span
          class="absolute text-black left-px"
        >
          $ 
        </span>
        <input
          autocomplete="off"
          class="text-black pl-4 text-black pl-2 appearance-none outline-none rounded-md w-full"
          data-testid="currency-input"
          id="currency-other"
          name="currency-other"
          required=""
          type="text"
          value=""
        />
      </div>
    </div>
    <button
      class="bg-blue-500 text-white px-4 py-2 rounded-md mt-4 w-full"
    >
      Transfer
    </button>
  </div>
</div>
`;
